[1.105s] DEBUG:colcon:Command line arguments: ['/usr/bin/colcon', 'build']
[1.105s] DEBUG:colcon:Parsed command line arguments: Namespace(log_base=None, log_level=None, verb_name='build', build_base='build', install_base='install', merge_install=False, symlink_install=False, test_result_base=None, continue_on_error=False, executor='parallel', parallel_workers=8, event_handlers=None, ignore_user_meta=False, metas=['./colcon.meta'], base_paths=['.'], packages_ignore=None, packages_ignore_regex=None, paths=None, packages_up_to=None, packages_up_to_regex=None, packages_above=None, packages_above_and_dependencies=None, packages_above_depth=None, packages_select_by_dep=None, packages_skip_by_dep=None, packages_skip_up_to=None, packages_select_build_failed=False, packages_skip_build_finished=False, packages_select_test_failures=False, packages_skip_test_passed=False, packages_select=None, packages_skip=None, packages_select_regex=None, packages_skip_regex=None, packages_start=None, packages_end=None, allow_overriding=[], cmake_args=None, cmake_target=None, cmake_target_skip_unavailable=False, cmake_clean_cache=False, cmake_clean_first=False, cmake_force_configure=False, ament_cmake_args=None, catkin_cmake_args=None, catkin_skip_building_tests=False, verb_parser=<colcon_defaults.argument_parser.defaults.DefaultArgumentsDecorator object at 0x7b28fa354340>, verb_extension=<colcon_core.verb.build.BuildVerb object at 0x7b28fa45d7e0>, main=<bound method BuildVerb.main of <colcon_core.verb.build.BuildVerb object at 0x7b28fa45d7e0>>)
[1.987s] Level 1:colcon.colcon_core.package_discovery:discover_packages(colcon_meta) check parameters
[1.987s] Level 1:colcon.colcon_core.package_discovery:discover_packages(recursive) check parameters
[1.987s] Level 1:colcon.colcon_core.package_discovery:discover_packages(ignore) check parameters
[1.987s] Level 1:colcon.colcon_core.package_discovery:discover_packages(path) check parameters
[1.987s] Level 1:colcon.colcon_core.package_discovery:discover_packages(colcon_meta) discover
[1.987s] Level 1:colcon.colcon_core.package_discovery:discover_packages(recursive) discover
[1.987s] INFO:colcon.colcon_core.package_discovery:Crawling recursively for packages in '/home/ubuntu/robocon/catchrobo_test/ros2_ws'
[1.987s] Level 1:colcon.colcon_core.package_identification:_identify(.) by extensions ['ignore', 'ignore_ament_install']
[1.987s] Level 1:colcon.colcon_core.package_identification:_identify(.) by extension 'ignore'
[1.987s] Level 1:colcon.colcon_core.package_identification:_identify(.) by extension 'ignore_ament_install'
[1.987s] Level 1:colcon.colcon_core.package_identification:_identify(.) by extensions ['colcon_pkg']
[1.987s] Level 1:colcon.colcon_core.package_identification:_identify(.) by extension 'colcon_pkg'
[1.987s] Level 1:colcon.colcon_core.package_identification:_identify(.) by extensions ['colcon_meta']
[1.988s] Level 1:colcon.colcon_core.package_identification:_identify(.) by extension 'colcon_meta'
[1.988s] Level 1:colcon.colcon_core.package_identification:_identify(.) by extensions ['ros']
[1.988s] Level 1:colcon.colcon_core.package_identification:_identify(.) by extension 'ros'
[2.015s] Level 1:colcon.colcon_core.package_identification:_identify(.) by extensions ['cmake', 'python']
[2.015s] Level 1:colcon.colcon_core.package_identification:_identify(.) by extension 'cmake'
[2.015s] Level 1:colcon.colcon_core.package_identification:_identify(.) by extension 'python'
[2.015s] Level 1:colcon.colcon_core.package_identification:_identify(.) by extensions ['python_setup_py']
[2.015s] Level 1:colcon.colcon_core.package_identification:_identify(.) by extension 'python_setup_py'
[2.015s] Level 1:colcon.colcon_core.package_identification:_identify(build) by extensions ['ignore', 'ignore_ament_install']
[2.015s] Level 1:colcon.colcon_core.package_identification:_identify(build) by extension 'ignore'
[2.015s] Level 1:colcon.colcon_core.package_identification:_identify(build) ignored
[2.015s] Level 1:colcon.colcon_core.package_identification:_identify(install) by extensions ['ignore', 'ignore_ament_install']
[2.016s] Level 1:colcon.colcon_core.package_identification:_identify(install) by extension 'ignore'
[2.016s] Level 1:colcon.colcon_core.package_identification:_identify(install) ignored
[2.016s] Level 1:colcon.colcon_core.package_identification:_identify(log) by extensions ['ignore', 'ignore_ament_install']
[2.016s] Level 1:colcon.colcon_core.package_identification:_identify(log) by extension 'ignore'
[2.016s] Level 1:colcon.colcon_core.package_identification:_identify(log) ignored
[2.016s] Level 1:colcon.colcon_core.package_identification:_identify(src) by extensions ['ignore', 'ignore_ament_install']
[2.016s] Level 1:colcon.colcon_core.package_identification:_identify(src) by extension 'ignore'
[2.016s] Level 1:colcon.colcon_core.package_identification:_identify(src) by extension 'ignore_ament_install'
[2.016s] Level 1:colcon.colcon_core.package_identification:_identify(src) by extensions ['colcon_pkg']
[2.016s] Level 1:colcon.colcon_core.package_identification:_identify(src) by extension 'colcon_pkg'
[2.016s] Level 1:colcon.colcon_core.package_identification:_identify(src) by extensions ['colcon_meta']
[2.016s] Level 1:colcon.colcon_core.package_identification:_identify(src) by extension 'colcon_meta'
[2.016s] Level 1:colcon.colcon_core.package_identification:_identify(src) by extensions ['ros']
[2.016s] Level 1:colcon.colcon_core.package_identification:_identify(src) by extension 'ros'
[2.016s] Level 1:colcon.colcon_core.package_identification:_identify(src) by extensions ['cmake', 'python']
[2.016s] Level 1:colcon.colcon_core.package_identification:_identify(src) by extension 'cmake'
[2.016s] Level 1:colcon.colcon_core.package_identification:_identify(src) by extension 'python'
[2.016s] Level 1:colcon.colcon_core.package_identification:_identify(src) by extensions ['python_setup_py']
[2.016s] Level 1:colcon.colcon_core.package_identification:_identify(src) by extension 'python_setup_py'
[2.016s] Level 1:colcon.colcon_core.package_identification:_identify(src/catchrobo_joy_test) by extensions ['ignore', 'ignore_ament_install']
[2.017s] Level 1:colcon.colcon_core.package_identification:_identify(src/catchrobo_joy_test) by extension 'ignore'
[2.017s] Level 1:colcon.colcon_core.package_identification:_identify(src/catchrobo_joy_test) by extension 'ignore_ament_install'
[2.017s] Level 1:colcon.colcon_core.package_identification:_identify(src/catchrobo_joy_test) by extensions ['colcon_pkg']
[2.017s] Level 1:colcon.colcon_core.package_identification:_identify(src/catchrobo_joy_test) by extension 'colcon_pkg'
[2.017s] Level 1:colcon.colcon_core.package_identification:_identify(src/catchrobo_joy_test) by extensions ['colcon_meta']
[2.017s] Level 1:colcon.colcon_core.package_identification:_identify(src/catchrobo_joy_test) by extension 'colcon_meta'
[2.017s] Level 1:colcon.colcon_core.package_identification:_identify(src/catchrobo_joy_test) by extensions ['ros']
[2.017s] Level 1:colcon.colcon_core.package_identification:_identify(src/catchrobo_joy_test) by extension 'ros'
[2.023s] DEBUG:colcon.colcon_core.package_identification:Package 'src/catchrobo_joy_test' with type 'ros.ament_python' and name 'catchrobo_joy_test'
[2.023s] Level 1:colcon.colcon_core.package_identification:_identify(src/catchrobo_single_dxl_test) by extensions ['ignore', 'ignore_ament_install']
[2.023s] Level 1:colcon.colcon_core.package_identification:_identify(src/catchrobo_single_dxl_test) by extension 'ignore'
[2.023s] Level 1:colcon.colcon_core.package_identification:_identify(src/catchrobo_single_dxl_test) by extension 'ignore_ament_install'
[2.023s] Level 1:colcon.colcon_core.package_identification:_identify(src/catchrobo_single_dxl_test) by extensions ['colcon_pkg']
[2.023s] Level 1:colcon.colcon_core.package_identification:_identify(src/catchrobo_single_dxl_test) by extension 'colcon_pkg'
[2.023s] Level 1:colcon.colcon_core.package_identification:_identify(src/catchrobo_single_dxl_test) by extensions ['colcon_meta']
[2.023s] Level 1:colcon.colcon_core.package_identification:_identify(src/catchrobo_single_dxl_test) by extension 'colcon_meta'
[2.023s] Level 1:colcon.colcon_core.package_identification:_identify(src/catchrobo_single_dxl_test) by extensions ['ros']
[2.023s] Level 1:colcon.colcon_core.package_identification:_identify(src/catchrobo_single_dxl_test) by extension 'ros'
[2.025s] DEBUG:colcon.colcon_core.package_identification:Package 'src/catchrobo_single_dxl_test' with type 'ros.ament_python' and name 'catchrobo_single_dxl_test'
[2.025s] Level 1:colcon.colcon_core.package_discovery:discover_packages(recursive) using defaults
[2.025s] Level 1:colcon.colcon_core.package_discovery:discover_packages(ignore) discover
[2.025s] Level 1:colcon.colcon_core.package_discovery:discover_packages(ignore) using defaults
[2.025s] Level 1:colcon.colcon_core.package_discovery:discover_packages(path) discover
[2.025s] Level 1:colcon.colcon_core.package_discovery:discover_packages(path) using defaults
[2.081s] Level 1:colcon.colcon_core.package_discovery:discover_packages(prefix_path) check parameters
[2.081s] Level 1:colcon.colcon_core.package_discovery:discover_packages(prefix_path) discover
[2.092s] DEBUG:colcon.colcon_installed_package_information.package_discovery:Found 1 installed packages in /home/ubuntu/robocon_study/ros2/hello_world_ws/install
[2.094s] DEBUG:colcon.colcon_installed_package_information.package_discovery:Found 383 installed packages in /opt/ros/humble
[2.112s] Level 1:colcon.colcon_core.package_discovery:discover_packages(prefix_path) using defaults
[2.176s] Level 5:colcon.colcon_core.verb:set package 'catchrobo_joy_test' build argument 'cmake_args' from command line to 'None'
[2.176s] Level 5:colcon.colcon_core.verb:set package 'catchrobo_joy_test' build argument 'cmake_target' from command line to 'None'
[2.176s] Level 5:colcon.colcon_core.verb:set package 'catchrobo_joy_test' build argument 'cmake_target_skip_unavailable' from command line to 'False'
[2.176s] Level 5:colcon.colcon_core.verb:set package 'catchrobo_joy_test' build argument 'cmake_clean_cache' from command line to 'False'
[2.176s] Level 5:colcon.colcon_core.verb:set package 'catchrobo_joy_test' build argument 'cmake_clean_first' from command line to 'False'
[2.176s] Level 5:colcon.colcon_core.verb:set package 'catchrobo_joy_test' build argument 'cmake_force_configure' from command line to 'False'
[2.176s] Level 5:colcon.colcon_core.verb:set package 'catchrobo_joy_test' build argument 'ament_cmake_args' from command line to 'None'
[2.176s] Level 5:colcon.colcon_core.verb:set package 'catchrobo_joy_test' build argument 'catkin_cmake_args' from command line to 'None'
[2.176s] Level 5:colcon.colcon_core.verb:set package 'catchrobo_joy_test' build argument 'catkin_skip_building_tests' from command line to 'False'
[2.176s] DEBUG:colcon.colcon_core.verb:Building package 'catchrobo_joy_test' with the following arguments: {'ament_cmake_args': None, 'build_base': '/home/ubuntu/robocon/catchrobo_test/ros2_ws/build/catchrobo_joy_test', 'catkin_cmake_args': None, 'catkin_skip_building_tests': False, 'cmake_args': None, 'cmake_clean_cache': False, 'cmake_clean_first': False, 'cmake_force_configure': False, 'cmake_target': None, 'cmake_target_skip_unavailable': False, 'install_base': '/home/ubuntu/robocon/catchrobo_test/ros2_ws/install/catchrobo_joy_test', 'merge_install': False, 'path': '/home/ubuntu/robocon/catchrobo_test/ros2_ws/src/catchrobo_joy_test', 'symlink_install': False, 'test_result_base': None}
[2.177s] Level 5:colcon.colcon_core.verb:set package 'catchrobo_single_dxl_test' build argument 'cmake_args' from command line to 'None'
[2.177s] Level 5:colcon.colcon_core.verb:set package 'catchrobo_single_dxl_test' build argument 'cmake_target' from command line to 'None'
[2.177s] Level 5:colcon.colcon_core.verb:set package 'catchrobo_single_dxl_test' build argument 'cmake_target_skip_unavailable' from command line to 'False'
[2.177s] Level 5:colcon.colcon_core.verb:set package 'catchrobo_single_dxl_test' build argument 'cmake_clean_cache' from command line to 'False'
[2.177s] Level 5:colcon.colcon_core.verb:set package 'catchrobo_single_dxl_test' build argument 'cmake_clean_first' from command line to 'False'
[2.177s] Level 5:colcon.colcon_core.verb:set package 'catchrobo_single_dxl_test' build argument 'cmake_force_configure' from command line to 'False'
[2.177s] Level 5:colcon.colcon_core.verb:set package 'catchrobo_single_dxl_test' build argument 'ament_cmake_args' from command line to 'None'
[2.177s] Level 5:colcon.colcon_core.verb:set package 'catchrobo_single_dxl_test' build argument 'catkin_cmake_args' from command line to 'None'
[2.177s] Level 5:colcon.colcon_core.verb:set package 'catchrobo_single_dxl_test' build argument 'catkin_skip_building_tests' from command line to 'False'
[2.177s] DEBUG:colcon.colcon_core.verb:Building package 'catchrobo_single_dxl_test' with the following arguments: {'ament_cmake_args': None, 'build_base': '/home/ubuntu/robocon/catchrobo_test/ros2_ws/build/catchrobo_single_dxl_test', 'catkin_cmake_args': None, 'catkin_skip_building_tests': False, 'cmake_args': None, 'cmake_clean_cache': False, 'cmake_clean_first': False, 'cmake_force_configure': False, 'cmake_target': None, 'cmake_target_skip_unavailable': False, 'install_base': '/home/ubuntu/robocon/catchrobo_test/ros2_ws/install/catchrobo_single_dxl_test', 'merge_install': False, 'path': '/home/ubuntu/robocon/catchrobo_test/ros2_ws/src/catchrobo_single_dxl_test', 'symlink_install': False, 'test_result_base': None}
[2.177s] INFO:colcon.colcon_core.executor:Executing jobs using 'parallel' executor
[2.178s] DEBUG:colcon.colcon_parallel_executor.executor.parallel:run_until_complete
[2.179s] INFO:colcon.colcon_ros.task.ament_python.build:Building ROS package in '/home/ubuntu/robocon/catchrobo_test/ros2_ws/src/catchrobo_joy_test' with build type 'ament_python'
[2.179s] Level 1:colcon.colcon_core.shell:create_environment_hook('catchrobo_joy_test', 'ament_prefix_path')
[2.191s] INFO:colcon.colcon_core.plugin_system:Skipping extension 'colcon_core.shell.bat': Not used on non-Windows systems
[2.191s] INFO:colcon.colcon_core.shell:Creating environment hook '/home/ubuntu/robocon/catchrobo_test/ros2_ws/install/catchrobo_joy_test/share/catchrobo_joy_test/hook/ament_prefix_path.ps1'
[2.193s] INFO:colcon.colcon_core.shell:Creating environment descriptor '/home/ubuntu/robocon/catchrobo_test/ros2_ws/install/catchrobo_joy_test/share/catchrobo_joy_test/hook/ament_prefix_path.dsv'
[2.195s] INFO:colcon.colcon_core.shell:Creating environment hook '/home/ubuntu/robocon/catchrobo_test/ros2_ws/install/catchrobo_joy_test/share/catchrobo_joy_test/hook/ament_prefix_path.sh'
[2.196s] INFO:colcon.colcon_core.shell:Skip shell extension 'powershell' for command environment: Not usable outside of PowerShell
[2.196s] DEBUG:colcon.colcon_core.shell:Skip shell extension 'dsv' for command environment
[2.201s] INFO:colcon.colcon_ros.task.ament_python.build:Building ROS package in '/home/ubuntu/robocon/catchrobo_test/ros2_ws/src/catchrobo_single_dxl_test' with build type 'ament_python'
[2.201s] Level 1:colcon.colcon_core.shell:create_environment_hook('catchrobo_single_dxl_test', 'ament_prefix_path')
[2.201s] INFO:colcon.colcon_core.shell:Creating environment hook '/home/ubuntu/robocon/catchrobo_test/ros2_ws/install/catchrobo_single_dxl_test/share/catchrobo_single_dxl_test/hook/ament_prefix_path.ps1'
[2.202s] INFO:colcon.colcon_core.shell:Creating environment descriptor '/home/ubuntu/robocon/catchrobo_test/ros2_ws/install/catchrobo_single_dxl_test/share/catchrobo_single_dxl_test/hook/ament_prefix_path.dsv'
[2.203s] INFO:colcon.colcon_core.shell:Creating environment hook '/home/ubuntu/robocon/catchrobo_test/ros2_ws/install/catchrobo_single_dxl_test/share/catchrobo_single_dxl_test/hook/ament_prefix_path.sh'
[2.204s] INFO:colcon.colcon_core.shell:Skip shell extension 'powershell' for command environment: Not usable outside of PowerShell
[2.204s] DEBUG:colcon.colcon_core.shell:Skip shell extension 'dsv' for command environment
[2.567s] INFO:colcon.colcon_core.task.python.build:Building Python package in '/home/ubuntu/robocon/catchrobo_test/ros2_ws/src/catchrobo_joy_test'
[2.567s] INFO:colcon.colcon_core.shell:Skip shell extension 'powershell' for command environment: Not usable outside of PowerShell
[2.567s] DEBUG:colcon.colcon_core.shell:Skip shell extension 'dsv' for command environment
[2.900s] INFO:colcon.colcon_core.task.python.build:Building Python package in '/home/ubuntu/robocon/catchrobo_test/ros2_ws/src/catchrobo_single_dxl_test'
[2.900s] INFO:colcon.colcon_core.shell:Skip shell extension 'powershell' for command environment: Not usable outside of PowerShell
[2.901s] DEBUG:colcon.colcon_core.shell:Skip shell extension 'dsv' for command environment
[3.566s] DEBUG:colcon.colcon_core.event_handler.log_command:Invoking command in '/home/ubuntu/robocon/catchrobo_test/ros2_ws/src/catchrobo_single_dxl_test': PYTHONPATH=/home/ubuntu/robocon/catchrobo_test/ros2_ws/build/catchrobo_single_dxl_test/prefix_override:/usr/lib/python3/dist-packages/colcon_core/task/python/colcon_distutils_commands:/home/ubuntu/robocon/catchrobo_test/ros2_ws/install/catchrobo_single_dxl_test/lib/python3.10/site-packages:${PYTHONPATH} /usr/bin/python3 -W ignore:setup.py install is deprecated -W ignore:easy_install command is deprecated setup.py egg_info --egg-base ../../build/catchrobo_single_dxl_test build --build-base /home/ubuntu/robocon/catchrobo_test/ros2_ws/build/catchrobo_single_dxl_test/build install --record /home/ubuntu/robocon/catchrobo_test/ros2_ws/build/catchrobo_single_dxl_test/install.log --single-version-externally-managed install_data
[3.574s] DEBUG:colcon.colcon_core.event_handler.log_command:Invoking command in '/home/ubuntu/robocon/catchrobo_test/ros2_ws/src/catchrobo_joy_test': PYTHONPATH=/home/ubuntu/robocon/catchrobo_test/ros2_ws/build/catchrobo_joy_test/prefix_override:/usr/lib/python3/dist-packages/colcon_core/task/python/colcon_distutils_commands:/home/ubuntu/robocon/catchrobo_test/ros2_ws/install/catchrobo_joy_test/lib/python3.10/site-packages:${PYTHONPATH} /usr/bin/python3 -W ignore:setup.py install is deprecated -W ignore:easy_install command is deprecated setup.py egg_info --egg-base ../../build/catchrobo_joy_test build --build-base /home/ubuntu/robocon/catchrobo_test/ros2_ws/build/catchrobo_joy_test/build install --record /home/ubuntu/robocon/catchrobo_test/ros2_ws/build/catchrobo_joy_test/install.log --single-version-externally-managed install_data
[3.959s] DEBUG:colcon.colcon_core.event_handler.log_command:Invoked command in '/home/ubuntu/robocon/catchrobo_test/ros2_ws/src/catchrobo_joy_test' returned '0': PYTHONPATH=/home/ubuntu/robocon/catchrobo_test/ros2_ws/build/catchrobo_joy_test/prefix_override:/usr/lib/python3/dist-packages/colcon_core/task/python/colcon_distutils_commands:/home/ubuntu/robocon/catchrobo_test/ros2_ws/install/catchrobo_joy_test/lib/python3.10/site-packages:${PYTHONPATH} /usr/bin/python3 -W ignore:setup.py install is deprecated -W ignore:easy_install command is deprecated setup.py egg_info --egg-base ../../build/catchrobo_joy_test build --build-base /home/ubuntu/robocon/catchrobo_test/ros2_ws/build/catchrobo_joy_test/build install --record /home/ubuntu/robocon/catchrobo_test/ros2_ws/build/catchrobo_joy_test/install.log --single-version-externally-managed install_data
[3.976s] Level 1:colcon.colcon_core.environment:checking '/home/ubuntu/robocon/catchrobo_test/ros2_ws/install/catchrobo_joy_test' for CMake module files
[3.978s] Level 1:colcon.colcon_core.environment:checking '/home/ubuntu/robocon/catchrobo_test/ros2_ws/install/catchrobo_joy_test' for CMake config files
[3.987s] Level 1:colcon.colcon_core.environment:checking '/home/ubuntu/robocon/catchrobo_test/ros2_ws/install/catchrobo_joy_test/lib'
[3.988s] Level 1:colcon.colcon_core.environment:checking '/home/ubuntu/robocon/catchrobo_test/ros2_ws/install/catchrobo_joy_test/bin'
[3.989s] Level 1:colcon.colcon_core.environment:checking '/home/ubuntu/robocon/catchrobo_test/ros2_ws/install/catchrobo_joy_test/lib/pkgconfig/catchrobo_joy_test.pc'
[3.989s] Level 1:colcon.colcon_core.environment:checking '/home/ubuntu/robocon/catchrobo_test/ros2_ws/install/catchrobo_joy_test/lib/python3.10/site-packages'
[3.989s] Level 1:colcon.colcon_core.shell:create_environment_hook('catchrobo_joy_test', 'pythonpath')
[3.990s] INFO:colcon.colcon_core.shell:Creating environment hook '/home/ubuntu/robocon/catchrobo_test/ros2_ws/install/catchrobo_joy_test/share/catchrobo_joy_test/hook/pythonpath.ps1'
[3.991s] INFO:colcon.colcon_core.shell:Creating environment descriptor '/home/ubuntu/robocon/catchrobo_test/ros2_ws/install/catchrobo_joy_test/share/catchrobo_joy_test/hook/pythonpath.dsv'
[3.992s] INFO:colcon.colcon_core.shell:Creating environment hook '/home/ubuntu/robocon/catchrobo_test/ros2_ws/install/catchrobo_joy_test/share/catchrobo_joy_test/hook/pythonpath.sh'
[3.993s] Level 1:colcon.colcon_core.environment:checking '/home/ubuntu/robocon/catchrobo_test/ros2_ws/install/catchrobo_joy_test/bin'
[3.993s] Level 1:colcon.colcon_core.environment:create_environment_scripts_only(catchrobo_joy_test)
[3.994s] INFO:colcon.colcon_core.shell:Creating package script '/home/ubuntu/robocon/catchrobo_test/ros2_ws/install/catchrobo_joy_test/share/catchrobo_joy_test/package.ps1'
[3.996s] INFO:colcon.colcon_core.shell:Creating package descriptor '/home/ubuntu/robocon/catchrobo_test/ros2_ws/install/catchrobo_joy_test/share/catchrobo_joy_test/package.dsv'
[3.998s] INFO:colcon.colcon_core.shell:Creating package script '/home/ubuntu/robocon/catchrobo_test/ros2_ws/install/catchrobo_joy_test/share/catchrobo_joy_test/package.sh'
[3.999s] INFO:colcon.colcon_core.shell:Creating package script '/home/ubuntu/robocon/catchrobo_test/ros2_ws/install/catchrobo_joy_test/share/catchrobo_joy_test/package.bash'
[4.001s] INFO:colcon.colcon_core.shell:Creating package script '/home/ubuntu/robocon/catchrobo_test/ros2_ws/install/catchrobo_joy_test/share/catchrobo_joy_test/package.zsh'
[4.003s] Level 1:colcon.colcon_core.environment:create_file_with_runtime_dependencies(/home/ubuntu/robocon/catchrobo_test/ros2_ws/install/catchrobo_joy_test/share/colcon-core/packages/catchrobo_joy_test)
[4.004s] Level 1:colcon.colcon_core.environment:checking '/home/ubuntu/robocon/catchrobo_test/ros2_ws/install/catchrobo_single_dxl_test' for CMake module files
[4.006s] DEBUG:colcon.colcon_core.event_handler.log_command:Invoked command in '/home/ubuntu/robocon/catchrobo_test/ros2_ws/src/catchrobo_single_dxl_test' returned '0': PYTHONPATH=/home/ubuntu/robocon/catchrobo_test/ros2_ws/build/catchrobo_single_dxl_test/prefix_override:/usr/lib/python3/dist-packages/colcon_core/task/python/colcon_distutils_commands:/home/ubuntu/robocon/catchrobo_test/ros2_ws/install/catchrobo_single_dxl_test/lib/python3.10/site-packages:${PYTHONPATH} /usr/bin/python3 -W ignore:setup.py install is deprecated -W ignore:easy_install command is deprecated setup.py egg_info --egg-base ../../build/catchrobo_single_dxl_test build --build-base /home/ubuntu/robocon/catchrobo_test/ros2_ws/build/catchrobo_single_dxl_test/build install --record /home/ubuntu/robocon/catchrobo_test/ros2_ws/build/catchrobo_single_dxl_test/install.log --single-version-externally-managed install_data
[4.006s] Level 1:colcon.colcon_core.environment:checking '/home/ubuntu/robocon/catchrobo_test/ros2_ws/install/catchrobo_single_dxl_test' for CMake config files
[4.007s] Level 1:colcon.colcon_core.environment:checking '/home/ubuntu/robocon/catchrobo_test/ros2_ws/install/catchrobo_single_dxl_test/lib'
[4.007s] Level 1:colcon.colcon_core.environment:checking '/home/ubuntu/robocon/catchrobo_test/ros2_ws/install/catchrobo_single_dxl_test/bin'
[4.007s] Level 1:colcon.colcon_core.environment:checking '/home/ubuntu/robocon/catchrobo_test/ros2_ws/install/catchrobo_single_dxl_test/lib/pkgconfig/catchrobo_single_dxl_test.pc'
[4.007s] Level 1:colcon.colcon_core.environment:checking '/home/ubuntu/robocon/catchrobo_test/ros2_ws/install/catchrobo_single_dxl_test/lib/python3.10/site-packages'
[4.007s] Level 1:colcon.colcon_core.shell:create_environment_hook('catchrobo_single_dxl_test', 'pythonpath')
[4.007s] INFO:colcon.colcon_core.shell:Creating environment hook '/home/ubuntu/robocon/catchrobo_test/ros2_ws/install/catchrobo_single_dxl_test/share/catchrobo_single_dxl_test/hook/pythonpath.ps1'
[4.008s] INFO:colcon.colcon_core.shell:Creating environment descriptor '/home/ubuntu/robocon/catchrobo_test/ros2_ws/install/catchrobo_single_dxl_test/share/catchrobo_single_dxl_test/hook/pythonpath.dsv'
[4.009s] INFO:colcon.colcon_core.shell:Creating environment hook '/home/ubuntu/robocon/catchrobo_test/ros2_ws/install/catchrobo_single_dxl_test/share/catchrobo_single_dxl_test/hook/pythonpath.sh'
[4.011s] Level 1:colcon.colcon_core.environment:checking '/home/ubuntu/robocon/catchrobo_test/ros2_ws/install/catchrobo_single_dxl_test/bin'
[4.011s] Level 1:colcon.colcon_core.environment:create_environment_scripts_only(catchrobo_single_dxl_test)
[4.011s] INFO:colcon.colcon_core.shell:Creating package script '/home/ubuntu/robocon/catchrobo_test/ros2_ws/install/catchrobo_single_dxl_test/share/catchrobo_single_dxl_test/package.ps1'
[4.012s] INFO:colcon.colcon_core.shell:Creating package descriptor '/home/ubuntu/robocon/catchrobo_test/ros2_ws/install/catchrobo_single_dxl_test/share/catchrobo_single_dxl_test/package.dsv'
[4.013s] INFO:colcon.colcon_core.shell:Creating package script '/home/ubuntu/robocon/catchrobo_test/ros2_ws/install/catchrobo_single_dxl_test/share/catchrobo_single_dxl_test/package.sh'
[4.013s] INFO:colcon.colcon_core.shell:Creating package script '/home/ubuntu/robocon/catchrobo_test/ros2_ws/install/catchrobo_single_dxl_test/share/catchrobo_single_dxl_test/package.bash'
[4.014s] INFO:colcon.colcon_core.shell:Creating package script '/home/ubuntu/robocon/catchrobo_test/ros2_ws/install/catchrobo_single_dxl_test/share/catchrobo_single_dxl_test/package.zsh'
[4.014s] Level 1:colcon.colcon_core.environment:create_file_with_runtime_dependencies(/home/ubuntu/robocon/catchrobo_test/ros2_ws/install/catchrobo_single_dxl_test/share/colcon-core/packages/catchrobo_single_dxl_test)
[4.014s] DEBUG:colcon.colcon_parallel_executor.executor.parallel:closing loop
[4.015s] DEBUG:colcon.colcon_parallel_executor.executor.parallel:loop closed
[4.015s] DEBUG:colcon.colcon_parallel_executor.executor.parallel:run_until_complete finished with '0'
[4.015s] DEBUG:colcon.colcon_core.event_reactor:joining thread
[4.042s] INFO:colcon.colcon_core.plugin_system:Skipping extension 'colcon_notification.desktop_notification.terminal_notifier': Not used on non-Darwin systems
[4.042s] INFO:colcon.colcon_core.plugin_system:Skipping extension 'colcon_notification.desktop_notification.win32': Not used on non-Windows systems
[4.042s] INFO:colcon.colcon_notification.desktop_notification:Sending desktop notification using 'notify2'
[4.042s] DEBUG:colcon.colcon_notification.desktop_notification.notify2:Failed to initialize notify2: org.freedesktop.DBus.Error.FileNotFound: Failed to connect to socket /run/user/1000/bus: No such file or directory
[4.042s] DEBUG:colcon.colcon_core.event_reactor:joined thread
[4.043s] INFO:colcon.colcon_core.shell:Creating prefix script '/home/ubuntu/robocon/catchrobo_test/ros2_ws/install/local_setup.ps1'
[4.045s] INFO:colcon.colcon_core.shell:Creating prefix util module '/home/ubuntu/robocon/catchrobo_test/ros2_ws/install/_local_setup_util_ps1.py'
[4.047s] INFO:colcon.colcon_core.shell:Creating prefix chain script '/home/ubuntu/robocon/catchrobo_test/ros2_ws/install/setup.ps1'
[4.049s] INFO:colcon.colcon_core.shell:Creating prefix script '/home/ubuntu/robocon/catchrobo_test/ros2_ws/install/local_setup.sh'
[4.051s] INFO:colcon.colcon_core.shell:Creating prefix util module '/home/ubuntu/robocon/catchrobo_test/ros2_ws/install/_local_setup_util_sh.py'
[4.051s] INFO:colcon.colcon_core.shell:Creating prefix chain script '/home/ubuntu/robocon/catchrobo_test/ros2_ws/install/setup.sh'
[4.054s] INFO:colcon.colcon_core.shell:Creating prefix script '/home/ubuntu/robocon/catchrobo_test/ros2_ws/install/local_setup.bash'
[4.055s] INFO:colcon.colcon_core.shell:Creating prefix chain script '/home/ubuntu/robocon/catchrobo_test/ros2_ws/install/setup.bash'
[4.056s] INFO:colcon.colcon_core.shell:Creating prefix script '/home/ubuntu/robocon/catchrobo_test/ros2_ws/install/local_setup.zsh'
[4.058s] INFO:colcon.colcon_core.shell:Creating prefix chain script '/home/ubuntu/robocon/catchrobo_test/ros2_ws/install/setup.zsh'
